This is pdfTeX, Version 3.141592653-2.6-1.40.25 (MiKTeX 23.10) (preloaded format=pdflatex 2023.10.8)  30 MAY 2026 23:35
entering extended mode
 restricted \write18 enabled.
 %&-line parsing enabled.
**./main.tex
(main.tex
LaTeX2e <2023-06-01> patch level 1
L3 programming layer <2023-08-29>
(C:\Users\jesus\AppData\Local\Programs\MiKTeX\tex/latex/base\article.cls
Document Class: article 2023/05/17 v1.4n Standard LaTeX document class
(C:\Users\jesus\AppData\Local\Programs\MiKTeX\tex/latex/base\size12.clo
File: size12.clo 2023/05/17 v1.4n Standard LaTeX file (size option)
)
\c@part=\count185
\c@section=\count186
\c@subsection=\count187
\c@subsubsection=\count188
\c@paragraph=\count189
\c@subparagraph=\count190
\c@figure=\count191
\c@table=\count192
\abovecaptionskip=\skip48
\belowcaptionskip=\skip49
\bibindent=\dimen140
)
(C:\Users\jesus\AppData\Local\Programs\MiKTeX\tex/latex/base\inputenc.sty
Package: inputenc 2021/02/14 v1.3d Input encoding file
\inpenc@prehook=\toks17
\inpenc@posthook=\toks18
)
(C:\Users\jesus\AppData\Local\Programs\MiKTeX\tex/latex/amsmath\amsmath.sty
Package: amsmath 2023/05/13 v2.17o AMS math features
\@mathmargin=\skip50

For additional information on amsmath, use the `?' option.
(C:\Users\jesus\AppData\Local\Programs\MiKTeX\tex/latex/amsmath\amstext.sty
Package: amstext 2021/08/26 v2.01 AMS text

(C:\Users\jesus\AppData\Local\Programs\MiKTeX\tex/latex/amsmath\amsgen.sty
File: amsgen.sty 1999/11/30 v2.0 generic functions
\@emptytoks=\toks19
\ex@=\dimen141
))
(C:\Users\jesus\AppData\Local\Programs\MiKTeX\tex/latex/amsmath\amsbsy.sty
Package: amsbsy 1999/11/29 v1.2d Bold Symbols
\pmbraise@=\dimen142
)
(C:\Users\jesus\AppData\Local\Programs\MiKTeX\tex/latex/amsmath\amsopn.sty
Package: amsopn 2022/04/08 v2.04 operator names
)
\inf@bad=\count193
LaTeX Info: Redefining \frac on input line 234.
\uproot@=\count194
\leftroot@=\count195
LaTeX Info: Redefining \overline on input line 399.
LaTeX Info: Redefining \colon on input line 410.
\classnum@=\count196
\DOTSCASE@=\count197
LaTeX Info: Redefining \ldots on input line 496.
LaTeX Info: Redefining \dots on input line 499.
LaTeX Info: Redefining \cdots on input line 620.
\Mathstrutbox@=\box51
\strutbox@=\box52
LaTeX Info: Redefining \big on input line 722.
LaTeX Info: Redefining \Big on input line 723.
LaTeX Info: Redefining \bigg on input line 724.
LaTeX Info: Redefining \Bigg on input line 725.
\big@size=\dimen143
LaTeX Font Info:    Redeclaring font encoding OML on input line 743.
LaTeX Font Info:    Redeclaring font encoding OMS on input line 744.
\macc@depth=\count198
LaTeX Info: Redefining \bmod on input line 905.
LaTeX Info: Redefining \pmod on input line 910.
LaTeX Info: Redefining \smash on input line 940.
LaTeX Info: Redefining \relbar on input line 970.
LaTeX Info: Redefining \Relbar on input line 971.
\c@MaxMatrixCols=\count199
\dotsspace@=\muskip16
\c@parentequation=\count266
\dspbrk@lvl=\count267
\tag@help=\toks20
\row@=\count268
\column@=\count269
\maxfields@=\count270
\andhelp@=\toks21
\eqnshift@=\dimen144
\alignsep@=\dimen145
\tagshift@=\dimen146
\tagwidth@=\dimen147
\totwidth@=\dimen148
\lineht@=\dimen149
\@envbody=\toks22
\multlinegap=\skip51
\multlinetaggap=\skip52
\mathdisplay@stack=\toks23
LaTeX Info: Redefining \[ on input line 2953.
LaTeX Info: Redefining \] on input line 2954.
)
(C:\Users\jesus\AppData\Local\Programs\MiKTeX\tex/latex/amsfonts\amsfonts.sty
Package: amsfonts 2013/01/14 v3.01 Basic AMSFonts support
\symAMSa=\mathgroup4
\symAMSb=\mathgroup5
LaTeX Font Info:    Redeclaring math symbol \hbar on input line 98.
LaTeX Font Info:    Overwriting math alphabet `\mathfrak' in version `bold'
(Font)                  U/euf/m/n --> U/euf/b/n on input line 106.
)
(C:\Users\jesus\AppData\Local\Programs\MiKTeX\tex/latex/amsfonts\amssymb.sty
Package: amssymb 2013/01/14 v3.01 AMS font symbols
)
(C:\Users\jesus\AppData\Local\Programs\MiKTeX\tex/latex/graphics\graphicx.sty
Package: graphicx 2021/09/16 v1.2d Enhanced LaTeX Graphics (DPC,SPQR)

(C:\Users\jesus\AppData\Local\Programs\MiKTeX\tex/latex/graphics\keyval.sty
Package: keyval 2022/05/29 v1.15 key=value parser (DPC)
\KV@toks@=\toks24
)
(C:\Users\jesus\AppData\Local\Programs\MiKTeX\tex/latex/graphics\graphics.sty
Package: graphics 2022/03/10 v1.4e Standard LaTeX Graphics (DPC,SPQR)

(C:\Users\jesus\AppData\Local\Programs\MiKTeX\tex/latex/graphics\trig.sty
Package: trig 2021/08/11 v1.11 sin cos tan (DPC)
)
(C:\Users\jesus\AppData\Local\Programs\MiKTeX\tex/latex/graphics-cfg\graphics.c
fg
File: graphics.cfg 2016/06/04 v1.11 sample graphics configuration
)
Package graphics Info: Driver file: pdftex.def on input line 107.

(C:\Users\jesus\AppData\Local\Programs\MiKTeX\tex/latex/graphics-def\pdftex.def
File: pdftex.def 2022/09/22 v1.2b Graphics/color driver for pdftex
))
\Gin@req@height=\dimen150
\Gin@req@width=\dimen151
)
(C:\Users\jesus\AppData\Local\Programs\MiKTeX\tex/latex/booktabs\booktabs.sty
Package: booktabs 2020/01/12 v1.61803398 Publication quality tables
\heavyrulewidth=\dimen152
\lightrulewidth=\dimen153
\cmidrulewidth=\dimen154
\belowrulesep=\dimen155
\belowbottomsep=\dimen156
\aboverulesep=\dimen157
\abovetopsep=\dimen158
\cmidrulesep=\dimen159
\cmidrulekern=\dimen160
\defaultaddspace=\dimen161
\@cmidla=\count271
\@cmidlb=\count272
\@aboverulesep=\dimen162
\@belowrulesep=\dimen163
\@thisruleclass=\count273
\@lastruleclass=\count274
\@thisrulewidth=\dimen164
)
(C:\Users\jesus\AppData\Local\Programs\MiKTeX\tex/latex/geometry\geometry.sty
Package: geometry 2020/01/02 v5.9 Page Geometry

(C:\Users\jesus\AppData\Local\Programs\MiKTeX\tex/generic/iftex\ifvtex.sty
Package: ifvtex 2019/10/25 v1.7 ifvtex legacy package. Use iftex instead.

(C:\Users\jesus\AppData\Local\Programs\MiKTeX\tex/generic/iftex\iftex.sty
Package: iftex 2022/02/03 v1.0f TeX engine tests
))
\Gm@cnth=\count275
\Gm@cntv=\count276
\c@Gm@tempcnt=\count277
\Gm@bindingoffset=\dimen165
\Gm@wd@mp=\dimen166
\Gm@odd@mp=\dimen167
\Gm@even@mp=\dimen168
\Gm@layoutwidth=\dimen169
\Gm@layoutheight=\dimen170
\Gm@layouthoffset=\dimen171
\Gm@layoutvoffset=\dimen172
\Gm@dimlist=\toks25

(C:\Users\jesus\AppData\Local\Programs\MiKTeX\tex/latex/geometry\geometry.cfg))
(C:\Users\jesus\AppData\Local\Programs\MiKTeX\tex/latex/float\float.sty
Package: float 2001/11/08 v1.3d Float enhancements (AL)
\c@float@type=\count278
\float@exts=\toks26
\float@box=\box53
\@float@everytoks=\toks27
\@floatcapt=\box54
)
(C:\Users\jesus\AppData\Local\Programs\MiKTeX\tex/latex/tools\array.sty
Package: array 2022/09/04 v2.5g Tabular extension package (FMi)
\col@sep=\dimen173
\ar@mcellbox=\box55
\extrarowheight=\dimen174
\NC@list=\toks28
\extratabsurround=\skip53
\backup@length=\skip54
\ar@cellbox=\box56
)
(C:\Users\jesus\AppData\Local\Programs\MiKTeX\tex/latex/caption\subcaption.sty
Package: subcaption 2023/07/28 v1.6b Sub-captions (AR)

(C:\Users\jesus\AppData\Local\Programs\MiKTeX\tex/latex/caption\caption.sty
Package: caption 2023/08/05 v3.6o Customizing captions (AR)

(C:\Users\jesus\AppData\Local\Programs\MiKTeX\tex/latex/caption\caption3.sty
Package: caption3 2023/07/31 v2.4d caption3 kernel (AR)
\caption@tempdima=\dimen175
\captionmargin=\dimen176
\caption@leftmargin=\dimen177
\caption@rightmargin=\dimen178
\caption@width=\dimen179
\caption@indent=\dimen180
\caption@parindent=\dimen181
\caption@hangindent=\dimen182
Package caption Info: Standard document class detected.
)
\c@caption@flags=\count279
\c@continuedfloat=\count280
Package caption Info: float package is loaded.
)
Package caption Info: New subtype `subfigure' on input line 238.
\c@subfigure=\count281
Package caption Info: New subtype `subtable' on input line 238.
\c@subtable=\count282
)
(C:\Users\jesus\AppData\Local\Programs\MiKTeX\tex/latex/threeparttable\threepar
ttable.sty
Package: threeparttable 2003/06/13  v 3.0
\@tempboxb=\box57
)
(C:\Users\jesus\AppData\Local\Programs\MiKTeX\tex/latex/xcolor\xcolor.sty
Package: xcolor 2022/06/12 v2.14 LaTeX color extensions (UK)

(C:\Users\jesus\AppData\Local\Programs\MiKTeX\tex/latex/graphics-cfg\color.cfg
File: color.cfg 2016/01/02 v1.6 sample color configuration
)
Package xcolor Info: Driver file: pdftex.def on input line 227.
(C:\Users\jesus\AppData\Local\Programs\MiKTeX\tex/latex/graphics\mathcolor.ltx)
Package xcolor Info: Model `cmy' substituted by `cmy0' on input line 1353.
Package xcolor Info: Model `hsb' substituted by `rgb' on input line 1357.
Package xcolor Info: Model `RGB' extended on input line 1369.
Package xcolor Info: Model `HTML' substituted by `rgb' on input line 1371.
Package xcolor Info: Model `Hsb' substituted by `hsb' on input line 1372.
Package xcolor Info: Model `tHsb' substituted by `hsb' on input line 1373.
Package xcolor Info: Model `HSB' substituted by `hsb' on input line 1374.
Package xcolor Info: Model `Gray' substituted by `gray' on input line 1375.
Package xcolor Info: Model `wave' substituted by `hsb' on input line 1376.
) (C:\Users\jesus\AppData\Local\Programs\MiKTeX\tex/latex/bbm\bbm.sty
Package: bbm 1999/03/15 V 1.2 provides fonts for set symbols - TH
LaTeX Font Info:    Overwriting math alphabet `\mathbbm' in version `bold'
(Font)                  U/bbm/m/n --> U/bbm/bx/n on input line 33.
LaTeX Font Info:    Overwriting math alphabet `\mathbbmss' in version `bold'
(Font)                  U/bbmss/m/n --> U/bbmss/bx/n on input line 35.
)
(C:\Users\jesus\AppData\Local\Programs\MiKTeX\tex/latex/setspace\setspace.sty
Package: setspace 2022/12/04 v6.7b set line spacing
)
(C:\Users\jesus\AppData\Local\Programs\MiKTeX\tex/latex/apacite\apacite.sty
Package: apacite 2013/07/21 v6.03 APA citation
\c@BibCnt=\count283
\bibleftmargin=\skip55
\bibindent=\skip56
\bibparsep=\skip57
\bibitemsep=\skip58
\biblabelsep=\skip59
)
(C:\Users\jesus\AppData\Local\Programs\MiKTeX\tex/latex/natbib\natbib.sty
Package: natbib 2010/09/13 8.31b (PWD, AO)
\bibhang=\skip60
\bibsep=\skip61
LaTeX Info: Redefining \cite on input line 694.
LaTeX Info: Redefining \citeauthor on input line 712.
LaTeX Info: Redefining \citeyear on input line 735.
\c@NAT@ctr=\count284
)
(C:\Users\jesus\AppData\Local\Programs\MiKTeX\tex/latex/breakcites\breakcites.s
ty)
(C:\Users\jesus\AppData\Local\Programs\MiKTeX\tex/latex/preprint\authblk.sty
Package: authblk 2001/02/27 1.3 (PWD)
\affilsep=\skip62
\@affilsep=\skip63
\c@Maxaffil=\count285
\c@authors=\count286
\c@affil=\count287
)
(C:\Users\jesus\AppData\Local\Programs\MiKTeX\tex/latex/hyperref\hyperref.sty
Package: hyperref 2023-07-08 v7.01b Hypertext links for LaTeX

(C:\Users\jesus\AppData\Local\Programs\MiKTeX\tex/generic/ltxcmds\ltxcmds.sty
Package: ltxcmds 2023-12-04 v1.26 LaTeX kernel commands for general use (HO)
)
(C:\Users\jesus\AppData\Local\Programs\MiKTeX\tex/generic/pdftexcmds\pdftexcmds
.sty
Package: pdftexcmds 2020-06-27 v0.33 Utility functions of pdfTeX for LuaTeX (HO
)

(C:\Users\jesus\AppData\Local\Programs\MiKTeX\tex/generic/infwarerr\infwarerr.s
ty
Package: infwarerr 2019/12/03 v1.5 Providing info/warning/error messages (HO)
)
Package pdftexcmds Info: \pdf@primitive is available.
Package pdftexcmds Info: \pdf@ifprimitive is available.
Package pdftexcmds Info: \pdfdraftmode found.
)
(C:\Users\jesus\AppData\Local\Programs\MiKTeX\tex/latex/kvsetkeys\kvsetkeys.sty
Package: kvsetkeys 2022-10-05 v1.19 Key value parser (HO)
)
(C:\Users\jesus\AppData\Local\Programs\MiKTeX\tex/generic/kvdefinekeys\kvdefine
keys.sty
Package: kvdefinekeys 2019-12-19 v1.6 Define keys (HO)
)
(C:\Users\jesus\AppData\Local\Programs\MiKTeX\tex/generic/pdfescape\pdfescape.s
ty
Package: pdfescape 2019/12/09 v1.15 Implements pdfTeX's escape features (HO)
) (C:\Users\jesus\AppData\Local\Programs\MiKTeX\tex/latex/hycolor\hycolor.sty
Package: hycolor 2020-01-27 v1.10 Color options for hyperref/bookmark (HO)
)
(C:\Users\jesus\AppData\Local\Programs\MiKTeX\tex/latex/letltxmacro\letltxmacro
.sty
Package: letltxmacro 2019/12/03 v1.6 Let assignment for LaTeX macros (HO)
)
(C:\Users\jesus\AppData\Local\Programs\MiKTeX\tex/latex/auxhook\auxhook.sty
Package: auxhook 2019-12-17 v1.6 Hooks for auxiliary files (HO)
)
(C:\Users\jesus\AppData\Local\Programs\MiKTeX\tex/latex/hyperref\nameref.sty
Package: nameref 2023-08-07 v2.53 Cross-referencing by name of section

(C:\Users\jesus\AppData\Local\Programs\MiKTeX\tex/latex/refcount\refcount.sty
Package: refcount 2019/12/15 v3.6 Data extraction from label references (HO)
)
(C:\Users\jesus\AppData\Local\Programs\MiKTeX\tex/generic/gettitlestring\gettit
lestring.sty
Package: gettitlestring 2019/12/15 v1.6 Cleanup title references (HO)

(C:\Users\jesus\AppData\Local\Programs\MiKTeX\tex/latex/kvoptions\kvoptions.sty
Package: kvoptions 2022-06-15 v3.15 Key value format for package options (HO)
))
\c@section@level=\count288
)
(C:\Users\jesus\AppData\Local\Programs\MiKTeX\tex/latex/etoolbox\etoolbox.sty
Package: etoolbox 2020/10/05 v2.5k e-TeX tools for LaTeX (JAW)
\etb@tempcnta=\count289
)
\@linkdim=\dimen183
\Hy@linkcounter=\count290
\Hy@pagecounter=\count291

(C:\Users\jesus\AppData\Local\Programs\MiKTeX\tex/latex/hyperref\pd1enc.def
File: pd1enc.def 2023-07-08 v7.01b Hyperref: PDFDocEncoding definition (HO)
Now handling font encoding PD1 ...
... no UTF-8 mapping file for font encoding PD1
)
(C:\Users\jesus\AppData\Local\Programs\MiKTeX\tex/generic/intcalc\intcalc.sty
Package: intcalc 2019/12/15 v1.3 Expandable calculations with integers (HO)
)
\Hy@SavedSpaceFactor=\count292

(C:\Users\jesus\AppData\Local\Programs\MiKTeX\tex/latex/hyperref\puenc.def
File: puenc.def 2023-07-08 v7.01b Hyperref: PDF Unicode definition (HO)
Now handling font encoding PU ...
... no UTF-8 mapping file for font encoding PU
)
Package hyperref Info: Hyper figures OFF on input line 4167.
Package hyperref Info: Link nesting OFF on input line 4172.
Package hyperref Info: Hyper index ON on input line 4175.
Package hyperref Info: Plain pages OFF on input line 4182.
Package hyperref Info: Backreferencing OFF on input line 4187.
Package hyperref Info: Implicit mode ON; LaTeX internals redefined.
Package hyperref Info: Bookmarks ON on input line 4434.
\c@Hy@tempcnt=\count293

(C:\Users\jesus\AppData\Local\Programs\MiKTeX\tex/latex/url\url.sty
\Urlmuskip=\muskip17
Package: url 2013/09/16  ver 3.4  Verb mode for urls, etc.
)
LaTeX Info: Redefining \url on input line 4772.
\XeTeXLinkMargin=\dimen184

(C:\Users\jesus\AppData\Local\Programs\MiKTeX\tex/generic/bitset\bitset.sty
Package: bitset 2019/12/09 v1.3 Handle bit-vector datatype (HO)

(C:\Users\jesus\AppData\Local\Programs\MiKTeX\tex/generic/bigintcalc\bigintcalc
.sty
Package: bigintcalc 2019/12/15 v1.5 Expandable calculations on big integers (HO
)
))
\Fld@menulength=\count294
\Field@Width=\dimen185
\Fld@charsize=\dimen186
Package hyperref Info: Hyper figures OFF on input line 6051.
Package hyperref Info: Link nesting OFF on input line 6056.
Package hyperref Info: Hyper index ON on input line 6059.
Package hyperref Info: backreferencing OFF on input line 6066.
Package hyperref Info: Link coloring OFF on input line 6071.
Package hyperref Info: Link coloring with OCG OFF on input line 6076.
Package hyperref Info: PDF/A mode OFF on input line 6081.

(C:\Users\jesus\AppData\Local\Programs\MiKTeX\tex/latex/base\atbegshi-ltx.sty
Package: atbegshi-ltx 2021/01/10 v1.0c Emulation of the original atbegshi
package with kernel methods
)
\Hy@abspage=\count295
\c@Item=\count296
\c@Hfootnote=\count297
)
Package hyperref Info: Driver (autodetected): hpdftex.
(C:\Users\jesus\AppData\Local\Programs\MiKTeX\tex/latex/hyperref\hpdftex.def
File: hpdftex.def 2023-07-08 v7.01b Hyperref driver for pdfTeX

(C:\Users\jesus\AppData\Local\Programs\MiKTeX\tex/latex/base\atveryend-ltx.sty
Package: atveryend-ltx 2020/08/19 v1.0a Emulation of the original atveryend pac
kage
with kernel methods
)
\Fld@listcount=\count298
\c@bookmark@seq@number=\count299

(C:\Users\jesus\AppData\Local\Programs\MiKTeX\tex/latex/rerunfilecheck\rerunfil
echeck.sty
Package: rerunfilecheck 2022-07-10 v1.10 Rerun checks for auxiliary files (HO)

(C:\Users\jesus\AppData\Local\Programs\MiKTeX\tex/generic/uniquecounter\uniquec
ounter.sty
Package: uniquecounter 2019/12/15 v1.4 Provide unlimited unique counter (HO)
)
Package uniquecounter Info: New unique counter `rerunfilecheck' on input line 2
85.
)
\Hy@SectionHShift=\skip64
)
Package hyperref Info: Option `colorlinks' set `true' on input line 45.

(C:\Users\jesus\AppData\Local\Programs\MiKTeX\tex/latex/l3backend\l3backend-pdf
tex.def
File: l3backend-pdftex.def 2023-04-19 L3 backend support: PDF output (pdfTeX)
\l__color_backend_stack_int=\count300
\l__pdf_internal_box=\box58
) (main.aux)
\openout1 = `main.aux'.

LaTeX Font Info:    Checking defaults for OML/cmm/m/it on input line 54.
LaTeX Font Info:    ... okay on input line 54.
LaTeX Font Info:    Checking defaults for OMS/cmsy/m/n on input line 54.
LaTeX Font Info:    ... okay on input line 54.
LaTeX Font Info:    Checking defaults for OT1/cmr/m/n on input line 54.
LaTeX Font Info:    ... okay on input line 54.
LaTeX Font Info:    Checking defaults for T1/cmr/m/n on input line 54.
LaTeX Font Info:    ... okay on input line 54.
LaTeX Font Info:    Checking defaults for TS1/cmr/m/n on input line 54.
LaTeX Font Info:    ... okay on input line 54.
LaTeX Font Info:    Checking defaults for OMX/cmex/m/n on input line 54.
LaTeX Font Info:    ... okay on input line 54.
LaTeX Font Info:    Checking defaults for U/cmr/m/n on input line 54.
LaTeX Font Info:    ... okay on input line 54.
LaTeX Font Info:    Checking defaults for PD1/pdf/m/n on input line 54.
LaTeX Font Info:    ... okay on input line 54.
LaTeX Font Info:    Checking defaults for PU/pdf/m/n on input line 54.
LaTeX Font Info:    ... okay on input line 54.

(C:\Users\jesus\AppData\Local\Programs\MiKTeX\tex/context/base/mkii\supp-pdf.mk
ii
[Loading MPS to PDF converter (version 2006.09.02).]
\scratchcounter=\count301
\scratchdimen=\dimen187
\scratchbox=\box59
\nofMPsegments=\count302
\nofMParguments=\count303
\everyMPshowfont=\toks29
\MPscratchCnt=\count304
\MPscratchDim=\dimen188
\MPnumerator=\count305
\makeMPintoPDFobject=\count306
\everyMPtoPDFconversion=\toks30
)
(C:\Users\jesus\AppData\Local\Programs\MiKTeX\tex/latex/epstopdf-pkg\epstopdf-b
ase.sty
Package: epstopdf-base 2020-01-24 v2.11 Base part for package epstopdf
Package epstopdf-base Info: Redefining graphics rule for `.eps' on input line 4
85.

(C:\Users\jesus\AppData\Local\Programs\MiKTeX\tex/latex/00miktex\epstopdf-sys.c
fg
File: epstopdf-sys.cfg 2021/03/18 v2.0 Configuration of epstopdf for MiKTeX
))
*geometry* driver: auto-detecting
*geometry* detected driver: pdftex
*geometry* verbose mode - [ preamble ] result:
* driver: pdftex
* paper: <default>
* layout: <same size as paper>
* layoutoffset:(h,v)=(0.0pt,0.0pt)
* modes: 
* h-part:(L,W,R)=(72.26999pt, 469.75502pt, 72.26999pt)
* v-part:(T,H,B)=(72.26999pt, 650.43001pt, 72.26999pt)
* \paperwidth=614.295pt
* \paperheight=794.96999pt
* \textwidth=469.75502pt
* \textheight=650.43001pt
* \oddsidemargin=0.0pt
* \evensidemargin=0.0pt
* \topmargin=-37.0pt
* \headheight=12.0pt
* \headsep=25.0pt
* \topskip=12.0pt
* \footskip=30.0pt
* \marginparwidth=44.0pt
* \marginparsep=10.0pt
* \columnsep=10.0pt
* \skip\footins=10.8pt plus 4.0pt minus 2.0pt
* \hoffset=0.0pt
* \voffset=0.0pt
* \mag=1000
* \@twocolumnfalse
* \@twosidefalse
* \@mparswitchfalse
* \@reversemarginfalse
* (1in=72.27pt=25.4mm, 1cm=28.453pt)

Package caption Info: Begin \AtBeginDocument code.
Package caption Info: hyperref package is loaded.
Package caption Info: threeparttable package is loaded.
Package caption Info: End \AtBeginDocument code.
\c@maskedRefs=\count307
(C:\Users\jesus\AppData\Local\Programs\MiKTeX\tex/latex/apacite\english.apc
File: english.apc 2013/07/21 v6.03 apacite language file
LaTeX Info: Redefining \BPBI on input line 129.
LaTeX Info: Redefining \BHBI on input line 130.
)
Package hyperref Info: Link coloring ON on input line 54.

(main.out) (main.out)
\@outlinefile=\write3
\openout3 = `main.out'.

LaTeX Font Info:    Trying to load font information for U+msa on input line 57.


(C:\Users\jesus\AppData\Local\Programs\MiKTeX\tex/latex/amsfonts\umsa.fd
File: umsa.fd 2013/01/14 v3.01 AMS symbols A
)
LaTeX Font Info:    Trying to load font information for U+msb on input line 57.


(C:\Users\jesus\AppData\Local\Programs\MiKTeX\tex/latex/amsfonts\umsb.fd
File: umsb.fd 2013/01/14 v3.01 AMS symbols B
)
[1

{C:/Users/jesus/AppData/Local/MiKTeX/fonts/map/pdftex/pdftex.map}{C:/Users/jesu
s/AppData/Local/Programs/MiKTeX/fonts/enc/dvips/cm-super/cm-super-ts1.enc}]
[2] [3]
LaTeX Font Info:    Trying to load font information for U+bbm on input line 188
.
 (C:\Users\jesus\AppData\Local\Programs\MiKTeX\tex/latex/bbm\ubbm.fd
File: ubbm.fd 1999/03/15 V 1.2 Font definition for bbm font - TH
)
[4]
<../ioae_assesment/outputs/eda/igae_lev.png, id=159, 516.7305pt x 278.2395pt>
File: ../ioae_assesment/outputs/eda/igae_lev.png Graphic file (type png)
<use ../ioae_assesment/outputs/eda/igae_lev.png>
Package pdftex.def Info: ../ioae_assesment/outputs/eda/igae_lev.png  used on in
put line 214.
(pdftex.def)             Requested size: 328.82707pt x 177.06221pt.
<../ioae_assesment/outputs/eda/igae_mv.png, id=160, 516.7305pt x 278.2395pt>
File: ../ioae_assesment/outputs/eda/igae_mv.png Graphic file (type png)
<use ../ioae_assesment/outputs/eda/igae_mv.png>
Package pdftex.def Info: ../ioae_assesment/outputs/eda/igae_mv.png  used on inp
ut line 221.
(pdftex.def)             Requested size: 328.82707pt x 177.06221pt.
<../ioae_assesment/outputs/eda/igae_yoy.png, id=161, 516.7305pt x 278.2395pt>
File: ../ioae_assesment/outputs/eda/igae_yoy.png Graphic file (type png)
<use ../ioae_assesment/outputs/eda/igae_yoy.png>
Package pdftex.def Info: ../ioae_assesment/outputs/eda/igae_yoy.png  used on in
put line 227.
(pdftex.def)             Requested size: 328.82707pt x 177.06221pt.
 [5] [6 <../ioae_assesment/outputs/eda/igae_lev.png> <../ioae_assesment/outputs
/eda/igae_mv.png> <../ioae_assesment/outputs/eda/igae_yoy.png>] [7] [8]
<../ioae_assesment/outputs/eda/igae_cycle.png, id=208, 469.755pt x 252.945pt>
File: ../ioae_assesment/outputs/eda/igae_cycle.png Graphic file (type png)
<use ../ioae_assesment/outputs/eda/igae_cycle.png>
Package pdftex.def Info: ../ioae_assesment/outputs/eda/igae_cycle.png  used on 
input line 397.
(pdftex.def)             Requested size: 469.75502pt x 252.94438pt.

[9]
<../ioae_assesment/outputs/eda/igae_trend.png, id=217, 469.755pt x 252.945pt>
File: ../ioae_assesment/outputs/eda/igae_trend.png Graphic file (type png)
<use ../ioae_assesment/outputs/eda/igae_trend.png>
Package pdftex.def Info: ../ioae_assesment/outputs/eda/igae_trend.png  used on 
input line 403.
(pdftex.def)             Requested size: 469.75502pt x 252.94438pt.
 [10 <../ioae_assesment/outputs/eda/igae_cycle.png> <../ioae_assesment/outputs/
eda/igae_trend.png>]
<../ioae_assesment/outputs/eda/macro_dfm_vars.png, id=239, 516.7305pt x 516.730
5pt>
File: ../ioae_assesment/outputs/eda/macro_dfm_vars.png Graphic file (type png)
<use ../ioae_assesment/outputs/eda/macro_dfm_vars.png>
Package pdftex.def Info: ../ioae_assesment/outputs/eda/macro_dfm_vars.png  used
 on input line 417.
(pdftex.def)             Requested size: 469.75502pt x 469.76028pt.
 [11]
<../ioae_assesment/outputs/eda/fin_dfm_vars.png, id=256, 516.7305pt x 278.2395p
t>
File: ../ioae_assesment/outputs/eda/fin_dfm_vars.png Graphic file (type png)
<use ../ioae_assesment/outputs/eda/fin_dfm_vars.png>
Package pdftex.def Info: ../ioae_assesment/outputs/eda/fin_dfm_vars.png  used o
n input line 422.
(pdftex.def)             Requested size: 469.75502pt x 252.94785pt.
 [12 <../ioae_assesment/outputs/eda/macro_dfm_vars.png>]

LaTeX Warning: `h' float specifier changed to `ht'.

[13 <../ioae_assesment/outputs/eda/fin_dfm_vars.png>]
<../ioae_assesment/outputs/lmn/fig8_loadings_heatmap.png, id=278, 426.393pt x 3
61.35pt>
File: ../ioae_assesment/outputs/lmn/fig8_loadings_heatmap.png Graphic file (typ
e png)
<use ../ioae_assesment/outputs/lmn/fig8_loadings_heatmap.png>
Package pdftex.def Info: ../ioae_assesment/outputs/lmn/fig8_loadings_heatmap.pn
g  used on input line 473.
(pdftex.def)             Requested size: 469.75502pt x 398.10928pt.
 [14]
<../ioae_assesment/outputs/lmn/fig7_factors_ts.png, id=286, 686.565pt x 361.35p
t>
File: ../ioae_assesment/outputs/lmn/fig7_factors_ts.png Graphic file (type png)

<use ../ioae_assesment/outputs/lmn/fig7_factors_ts.png>
Package pdftex.def Info: ../ioae_assesment/outputs/lmn/fig7_factors_ts.png  use
d on input line 486.
(pdftex.def)             Requested size: 469.75502pt x 247.23654pt.
 [15 <../ioae_assesment/outputs/lmn/fig8_loadings_heatmap.png>]
<../ioae_assesment/outputs/lmn/fig1_mu_fu_indices.png, id=293, 722.7pt x 289.08
pt>
File: ../ioae_assesment/outputs/lmn/fig1_mu_fu_indices.png Graphic file (type p
ng)
<use ../ioae_assesment/outputs/lmn/fig1_mu_fu_indices.png>
Package pdftex.def Info: ../ioae_assesment/outputs/lmn/fig1_mu_fu_indices.png  
used on input line 499.
(pdftex.def)             Requested size: 469.75502pt x 187.90417pt.
 [16 <../ioae_assesment/outputs/lmn/fig7_factors_ts.png> <../ioae_assesment/out
puts/lmn/fig1_mu_fu_indices.png>]
<../ioae_assesment/outputs/lmn/fig_epu_compare.png, id=302, 469.755pt x 252.945
pt>
File: ../ioae_assesment/outputs/lmn/fig_epu_compare.png Graphic file (type png)

<use ../ioae_assesment/outputs/lmn/fig_epu_compare.png>
Package pdftex.def Info: ../ioae_assesment/outputs/lmn/fig_epu_compare.png  use
d on input line 515.
(pdftex.def)             Requested size: 469.75502pt x 252.94438pt.

[17] [18 <../ioae_assesment/outputs/lmn/fig_epu_compare.png>] [19]
<../ioae_assesment/outputs/lmn/fig4_irfs_p4.png, id=332, 867.24pt x 361.35pt>
File: ../ioae_assesment/outputs/lmn/fig4_irfs_p4.png Graphic file (type png)
<use ../ioae_assesment/outputs/lmn/fig4_irfs_p4.png>
Package pdftex.def Info: ../ioae_assesment/outputs/lmn/fig4_irfs_p4.png  used o
n input line 593.
(pdftex.def)             Requested size: 469.75502pt x 195.7326pt.
<../ioae_assesment/outputs/lmn/fig5_fevd_p4.png, id=333, 650.43pt x 289.08pt>
File: ../ioae_assesment/outputs/lmn/fig5_fevd_p4.png Graphic file (type png)
<use ../ioae_assesment/outputs/lmn/fig5_fevd_p4.png>
Package pdftex.def Info: ../ioae_assesment/outputs/lmn/fig5_fevd_p4.png  used o
n input line 599.
(pdftex.def)             Requested size: 375.80544pt x 167.02692pt.
<../ioae_assesment/outputs/lmn/fig6_lp_irf.png, id=337, 867.24pt x 361.35pt>
File: ../ioae_assesment/outputs/lmn/fig6_lp_irf.png Graphic file (type png)
<use ../ioae_assesment/outputs/lmn/fig6_lp_irf.png>
Package pdftex.def Info: ../ioae_assesment/outputs/lmn/fig6_lp_irf.png  used on
 input line 617.
(pdftex.def)             Requested size: 469.75502pt x 195.7326pt.
 [20]
[21 <../ioae_assesment/outputs/lmn/fig4_irfs_p4.png> <../ioae_assesment/outputs
/lmn/fig5_fevd_p4.png>]
<../ioae_assesment/outputs/abg/fan_plot_h1.png, id=350, 520.344pt x 375.804pt>
File: ../ioae_assesment/outputs/abg/fan_plot_h1.png Graphic file (type png)
<use ../ioae_assesment/outputs/abg/fan_plot_h1.png>
Package pdftex.def Info: ../ioae_assesment/outputs/abg/fan_plot_h1.png  used on
 input line 654.
(pdftex.def)             Requested size: 225.4804pt x 162.84837pt.
<../ioae_assesment/outputs/abg/fan_plot_h3.png, id=351, 520.344pt x 375.804pt>
File: ../ioae_assesment/outputs/abg/fan_plot_h3.png Graphic file (type png)
<use ../ioae_assesment/outputs/abg/fan_plot_h3.png>
Package pdftex.def Info: ../ioae_assesment/outputs/abg/fan_plot_h3.png  used on
 input line 660.
(pdftex.def)             Requested size: 225.4804pt x 162.84837pt.
<../ioae_assesment/outputs/abg/fan_plot_h6.png, id=352, 520.344pt x 375.804pt>
File: ../ioae_assesment/outputs/abg/fan_plot_h6.png Graphic file (type png)
<use ../ioae_assesment/outputs/abg/fan_plot_h6.png>
Package pdftex.def Info: ../ioae_assesment/outputs/abg/fan_plot_h6.png  used on
 input line 668.
(pdftex.def)             Requested size: 225.4804pt x 162.84837pt.
<../ioae_assesment/outputs/abg/fan_plot_h12.png, id=353, 520.344pt x 375.804pt>

File: ../ioae_assesment/outputs/abg/fan_plot_h12.png Graphic file (type png)
<use ../ioae_assesment/outputs/abg/fan_plot_h12.png>
Package pdftex.def Info: ../ioae_assesment/outputs/abg/fan_plot_h12.png  used o
n input line 674.
(pdftex.def)             Requested size: 225.4804pt x 162.84837pt.
 [22 <../ioae_assesment/outputs/lmn/fig6_lp_irf.png>]
[23 <../ioae_assesment/outputs/abg/fan_plot_h1.png> <../ioae_assesment/outputs/
abg/fan_plot_h3.png> <../ioae_assesment/outputs/abg/fan_plot_h6.png> <../ioae_a
ssesment/outputs/abg/fan_plot_h12.png>]
(../ioae_assesment/outputs/coint/tab_adf_coint.tex)
(../ioae_assesment/outputs/coint/tab_granger.tex [24])
(../ioae_assesment/outputs/coint/tab_johansen.tex) [25] [26] (main.bbl
Underfull \hbox (badness 1325) in paragraph at lines 95--113
[]\OT1/cmr/m/n/12 CFCEM.  (2026).  \OT1/cmr/m/it/12 Ci-c-los eco-nomi-cos \OT1/
cmr/m/n/12 (Tech. Rep.[]).  Comite de Fechado de Ci-
 []


Underfull \hbox (badness 3514) in paragraph at lines 95--113
\OT1/cmr/m/n/12 c-los de la Econom^^S^^Pa de M^^Sexico (CFCEM-IMEF).  Re-trieve
d from [][]$\OT1/cmtt/m/n/12 https ://
 []

[27]) [28] [29] (main.aux)
 ***********
LaTeX2e <2023-06-01> patch level 1
L3 programming layer <2023-08-29>
 ***********
Package rerunfilecheck Info: File `main.out' has not changed.
(rerunfilecheck)             Checksum: F395BE1BF38E4391AAC9F2C85BE1E440;1859.
 ) 
Here is how much of TeX's memory you used:
 13643 strings out of 475248
 219622 string characters out of 5757813
 1934785 words of memory out of 5000000
 34838 multiletter control sequences out of 15000+600000
 577429 words of font info for 111 fonts, out of 8000000 for 9000
 1141 hyphenation exceptions out of 8191
 75i,15n,79p,1847b,586s stack positions out of 10000i,1000n,20000p,200000b,200000s
 <C:\Users\jesus\AppData\Local\MiKTeX\fonts/pk/ljfour/public/bbm/dpi600\bbm12
.pk> <C:\Users\jesus\AppData\Local\MiKTeX\fonts/pk/ljfour/public/bbm/dpi600\bbm
8.pk><C:/Users/jesus/AppData/Local/Programs/MiKTeX/fonts/type1/public/amsfonts/
cm/cmbx10.pfb><C:/Users/jesus/AppData/Local/Programs/MiKTeX/fonts/type1/public/
amsfonts/cm/cmbx12.pfb><C:/Users/jesus/AppData/Local/Programs/MiKTeX/fonts/type
1/public/amsfonts/cm/cmex10.pfb><C:/Users/jesus/AppData/Local/Programs/MiKTeX/f
onts/type1/public/amsfonts/cm/cmmi10.pfb><C:/Users/jesus/AppData/Local/Programs
/MiKTeX/fonts/type1/public/amsfonts/cm/cmmi12.pfb><C:/Users/jesus/AppData/Local
/Programs/MiKTeX/fonts/type1/public/amsfonts/cm/cmmi6.pfb><C:/Users/jesus/AppDa
ta/Local/Programs/MiKTeX/fonts/type1/public/amsfonts/cm/cmmi7.pfb><C:/Users/jes
us/AppData/Local/Programs/MiKTeX/fonts/type1/public/amsfonts/cm/cmmi8.pfb><C:/U
sers/jesus/AppData/Local/Programs/MiKTeX/fonts/type1/public/amsfonts/cm/cmmib10
.pfb><C:/Users/jesus/AppData/Local/Programs/MiKTeX/fonts/type1/public/amsfonts/
cm/cmr10.pfb><C:/Users/jesus/AppData/Local/Programs/MiKTeX/fonts/type1/public/a
msfonts/cm/cmr12.pfb><C:/Users/jesus/AppData/Local/Programs/MiKTeX/fonts/type1/
public/amsfonts/cm/cmr17.pfb><C:/Users/jesus/AppData/Local/Programs/MiKTeX/font
s/type1/public/amsfonts/cm/cmr6.pfb><C:/Users/jesus/AppData/Local/Programs/MiKT
eX/fonts/type1/public/amsfonts/cm/cmr7.pfb><C:/Users/jesus/AppData/Local/Progra
ms/MiKTeX/fonts/type1/public/amsfonts/cm/cmr8.pfb><C:/Users/jesus/AppData/Local
/Programs/MiKTeX/fonts/type1/public/amsfonts/cm/cmsy10.pfb><C:/Users/jesus/AppD
ata/Local/Programs/MiKTeX/fonts/type1/public/amsfonts/cm/cmsy7.pfb><C:/Users/je
sus/AppData/Local/Programs/MiKTeX/fonts/type1/public/amsfonts/cm/cmsy8.pfb><C:/
Users/jesus/AppData/Local/Programs/MiKTeX/fonts/type1/public/amsfonts/cm/cmti10
.pfb><C:/Users/jesus/AppData/Local/Programs/MiKTeX/fonts/type1/public/amsfonts/
cm/cmti12.pfb><C:/Users/jesus/AppData/Local/Programs/MiKTeX/fonts/type1/public/
amsfonts/cm/cmtt10.pfb><C:/Users/jesus/AppData/Local/Programs/MiKTeX/fonts/type
1/public/amsfonts/cm/cmtt12.pfb><C:/Users/jesus/AppData/Local/Programs/MiKTeX/f
onts/type1/public/amsfonts/symbols/msbm10.pfb><C:/Users/jesus/AppData/Local/Pro
grams/MiKTeX/fonts/type1/public/cm-super/sfrm0700.pfb><C:/Users/jesus/AppData/L
ocal/Programs/MiKTeX/fonts/type1/public/cm-super/sfrm1000.pfb>
Output written on main.pdf (29 pages, 1479731 bytes).
PDF statistics:
 552 PDF objects out of 1000 (max. 8388607)
 110 named destinations out of 1000 (max. 500000)
 195 words of extra memory for PDF output out of 10000 (max. 10000000)

